#
# There is insufficient memory for the Java Runtime Environment to continue.
# Native memory allocation (malloc) failed to allocate 262160 bytes for Chunk::new
# Possible reasons:
#   The system is out of physical RAM or swap space
#   The process is running with CompressedOops enabled, and the Java Heap may be blocking the growth of the native heap
# Possible solutions:
#   Reduce memory load on the system
#   Increase physical memory or swap space
#   Check if swap backing store is full
#   Decrease Java heap size (-Xmx/-Xms)
#   Decrease number of Java threads
#   Decrease Java thread stack sizes (-Xss)
#   Set larger code cache with -XX:ReservedCodeCacheSize=
#   JVM is running with Zero Based Compressed Oops mode in which the Java heap is
#     placed in the first 32GB address space. The Java Heap base address is the
#     maximum limit for the native heap growth. Please use -XX:HeapBaseMinAddress
#     to set the Java Heap base and to place the Java Heap above 32GB virtual address.
# This output file may be truncated or incomplete.
#
#  Out of Memory Error (arena.cpp:189), pid=10820, tid=11584
#
# JRE version: Java(TM) SE Runtime Environment (17.0.12+8) (build 17.0.12+8-LTS-286)
# Java VM: Java HotSpot(TM) 64-Bit Server VM (17.0.12+8-LTS-286, mixed mode, sharing, tiered, compressed oops, compressed class ptrs, g1 gc, windows-amd64)
# No core dump will be written. Minidumps are not enabled by default on client versions of Windows
#

---------------  S U M M A R Y ------------

Command Line: -javaagent:C:\Program Files\JetBrains\IntelliJ IDEA 2025.2.3\lib\idea_rt.jar=62755 -Dfile.encoding=UTF-8 --module-path=C:\Users\Personal\.m2\repository\org\openjfx\javafx-fxml\17.0.14\javafx-fxml-17.0.14-win.jar;C:\Users\Personal\.m2\repository\com\github\almasb\fxgl-gameplay\17.3\fxgl-gameplay-17.3.jar;C:\Users\Personal\.m2\repository\org\openjfx\javafx-base\17.0.14\javafx-base-17.0.14-win.jar;C:\Users\Personal\.m2\repository\com\github\almasb\fxgl-entity\17.3\fxgl-entity-17.3.jar;C:\Users\Personal\.m2\repository\org\openjfx\javafx-controls\17.0.14\javafx-controls-17.0.14-win.jar;C:\Users\Personal\.m2\repository\org\openjfx\javafx-graphics\17.0.14\javafx-graphics-17.0.14-win.jar;C:\Users\Personal\.m2\repository\org\kordamp\bootstrapfx\bootstrapfx-core\0.4.0\bootstrapfx-core-0.4.0.jar;C:\Users\Personal\.m2\repository\org\kordamp\ikonli\ikonli-core\12.3.1\ikonli-core-12.3.1.jar;C:\Users\Personal\.m2\repository\net\synedra\validatorfx\0.6.1\validatorfx-0.6.1.jar;C:\Users\Personal\.m2\repository\com\github\almasb\fxgl-core\17.3\fxgl-core-17.3.jar;C:\Users\Personal\.m2\repository\com\fasterxml\jackson\core\jackson-databind\2.14.2\jackson-databind-2.14.2.jar;C:\Users\Personal\.m2\repository\com\fasterxml\jackson\core\jackson-annotations\2.14.2\jackson-annotations-2.14.2.jar;C:\Users\Personal\.m2\repository\com\gluonhq\attach\util\4.0.17\util-4.0.17.jar;C:\Users\Personal\.m2\repository\org\openjfx\javafx-media\17.0.14\javafx-media-17.0.14-win.jar;C:\Users\Personal\.m2\repository\org\jetbrains\kotlin\kotlin-stdlib\1.8.10\kotlin-stdlib-1.8.10.jar;C:\Users\Personal\.m2\repository\org\controlsfx\controlsfx\11.2.1\controlsfx-11.2.1.jar;C:\Users\Personal\.m2\repository\com\gluonhq\attach\lifecycle\4.0.17\lifecycle-4.0.17.jar;C:\Users\Personal\.m2\repository\com\dlsc\formsfx\formsfx-core\11.6.0\formsfx-core-11.6.0.jar;C:\Users\Personal\.m2\repository\com\github\almasb\fxgl-io\17.3\fxgl-io-17.3.jar;C:\Users\Personal\.m2\repository\com\github\almasb\fxgl-scene\17.3\fxgl-scene-17.3.jar;C:\Users\Personal\IdeaProjects\Arkanoid2\target\classes;C:\Users\Personal\.m2\repository\com\faster-Djdk.module.main=uet.project.arkanoid uet.project.arkanoid/uet.project.arkanoid.GameManager

Host: 11th Gen Intel(R) Core(TM) i3-1115G4 @ 3.00GHz, 4 cores, 11G,  Windows 11 , 64 bit Build 26100 (10.0.26100.7019)
Time: Mon Nov  3 23:18:39 2025 SE Asia Standard Time elapsed time: 18.688607 seconds (0d 0h 0m 18s)

---------------  T H R E A D  ---------------

Current thread (0x00000224f448d900):  JavaThread "C2 CompilerThread0" daemon [_thread_in_native, id=11584, stack(0x00000039ab400000,0x00000039ab500000)]


Current CompileTask:
C2:  18688 3302       4       uet.project.arkanoid.game.GameView::onDraw (339 bytes)

Stack: [0x00000039ab400000,0x00000039ab500000]
Native frames: (J=compiled Java code, j=interpreted, Vv=VM code, C=native code)
V  [jvm.dll+0x67a04a]
V  [jvm.dll+0x7da4ed]
V  [jvm.dll+0x7dbe33]
V  [jvm.dll+0x7dc4a3]
V  [jvm.dll+0x24508f]
V  [jvm.dll+0xab773]
V  [jvm.dll+0xabd3c]
V  [jvm.dll+0xab884]
V  [jvm.dll+0x658e4c]
V  [jvm.dll+0x21dc99]
V  [jvm.dll+0x69d341]
V  [jvm.dll+0x215995]
V  [jvm.dll+0x1a2960]
V  [jvm.dll+0x22610b]
V  [jvm.dll+0x2242ab]
V  [jvm.dll+0x79075c]
V  [jvm.dll+0x78abea]
V  [jvm.dll+0x678f35]
C  [ucrtbase.dll+0x37b0]
C  [KERNEL32.DLL+0x2e8d7]
C  [ntdll.dll+0x8c53c]


---------------  P R O C E S S  ---------------

Threads class SMR info:
_java_thread_list=0x00000224f4619550, length=25, elements={
0x00000224d47b47e0, 0x00000224f4468e10, 0x00000224f446a540, 0x00000224f4480800,
0x00000224f44810d0, 0x00000224f4488f70, 0x00000224f4489840, 0x00000224f448d900,
0x00000224f44b5ad0, 0x00000224f44d2980, 0x00000224f46b66c0, 0x00000224f9a96220,
0x00000224f9d74bd0, 0x00000224f92c14f0, 0x00000224fa6a6410, 0x00000224fa8fb160,
0x00000224fa30cd30, 0x00000224f47d57e0, 0x00000224fa48a740, 0x00000224fa489300,
0x00000224fa48a230, 0x00000224fa48ac50, 0x00000224fa8c4490, 0x00000224fa8c4eb0,
0x00000224fa8c3f80
}

Java Threads: ( => current thread )
  0x00000224d47b47e0 JavaThread "main" [_thread_blocked, id=5660, stack(0x00000039aa700000,0x00000039aa800000)]
  0x00000224f4468e10 JavaThread "Reference Handler" daemon [_thread_blocked, id=1132, stack(0x00000039aae00000,0x00000039aaf00000)]
  0x00000224f446a540 JavaThread "Finalizer" daemon [_thread_blocked, id=15384, stack(0x00000039aaf00000,0x00000039ab000000)]
  0x00000224f4480800 JavaThread "Signal Dispatcher" daemon [_thread_blocked, id=7596, stack(0x00000039ab000000,0x00000039ab100000)]
  0x00000224f44810d0 JavaThread "Attach Listener" daemon [_thread_blocked, id=7384, stack(0x00000039ab100000,0x00000039ab200000)]
  0x00000224f4488f70 JavaThread "Service Thread" daemon [_thread_blocked, id=2872, stack(0x00000039ab200000,0x00000039ab300000)]
  0x00000224f4489840 JavaThread "Monitor Deflation Thread" daemon [_thread_blocked, id=5984, stack(0x00000039ab300000,0x00000039ab400000)]
=>0x00000224f448d900 JavaThread "C2 CompilerThread0" daemon [_thread_in_native, id=11584, stack(0x00000039ab400000,0x00000039ab500000)]
  0x00000224f44b5ad0 JavaThread "C1 CompilerThread0" daemon [_thread_blocked, id=1140, stack(0x00000039ab500000,0x00000039ab600000)]
  0x00000224f44d2980 JavaThread "Sweeper thread" daemon [_thread_blocked, id=7548, stack(0x00000039ab600000,0x00000039ab700000)]
  0x00000224f46b66c0 JavaThread "Common-Cleaner" daemon [_thread_blocked, id=13988, stack(0x00000039ab700000,0x00000039ab800000)]
  0x00000224f9a96220 JavaThread "Monitor Ctrl-Break" daemon [_thread_in_native, id=15488, stack(0x00000039ab900000,0x00000039aba00000)]
  0x00000224f9d74bd0 JavaThread "Notification Thread" daemon [_thread_blocked, id=15916, stack(0x00000039aba00000,0x00000039abb00000)]
  0x00000224f92c14f0 JavaThread "QuantumRenderer-0" daemon [_thread_in_native, id=10228, stack(0x00000039abf00000,0x00000039ac000000)]
  0x00000224fa6a6410 JavaThread "InvokeLaterDispatcher" daemon [_thread_blocked, id=11056, stack(0x00000039ac000000,0x00000039ac100000)]
  0x00000224fa8fb160 JavaThread "JavaFX Application Thread" [_thread_blocked, id=16040, stack(0x00000039ac100000,0x00000039ac200000)]
  0x00000224fa30cd30 JavaThread "Thread-1" daemon [_thread_in_native, id=10496, stack(0x00000039ab800000,0x00000039ab900000)]
  0x00000224f47d57e0 JavaThread "JavaFX-Launcher" [_thread_blocked, id=13704, stack(0x00000039ac500000,0x00000039ac600000)]
  0x00000224fa48a740 JavaThread "Cleaner-0" daemon [_thread_blocked, id=11468, stack(0x00000039aca00000,0x00000039acb00000)]
  0x00000224fa489300 JavaThread "Prism Font Disposer" daemon [_thread_blocked, id=13768, stack(0x00000039acc00000,0x00000039acd00000)]
  0x00000224fa48a230 JavaThread "Media Resource Disposer" daemon [_thread_blocked, id=10584, stack(0x00000039acf00000,0x00000039ad000000)]
  0x00000224fa48ac50 JavaThread "Thread-3" daemon [_thread_in_native, id=15196, stack(0x00000039ad000000,0x00000039ad100000)]
  0x00000224fa8c4490 JavaThread "JFXMedia Player EventQueueThread" daemon [_thread_blocked, id=11548, stack(0x00000039ad200000,0x00000039ad300000)]
  0x00000224fa8c4eb0 JavaThread "JFXMedia Player EventQueueThread" daemon [_thread_in_native, id=6392, stack(0x00000039ad800000,0x00000039ad900000)]
  0x00000224fa8c3f80 JavaThread "JFXMedia Player EventQueueThread" daemon [_thread_blocked, id=8940, stack(0x00000039add00000,0x00000039ade00000)]

Other Threads:
  0x00000224f4462050 VMThread "VM Thread" [stack: 0x00000039aad00000,0x00000039aae00000] [id=14000]
  0x00000224d481f740 WatcherThread [stack: 0x00000039abb00000,0x00000039abc00000] [id=12796]
  0x00000224d4809370 GCTaskThread "GC Thread#0" [stack: 0x00000039aa800000,0x00000039aa900000] [id=15720]
  0x00000224fa142bf0 GCTaskThread "GC Thread#1" [stack: 0x00000039abc00000,0x00000039abd00000] [id=6420]
  0x00000224f9f34730 GCTaskThread "GC Thread#2" [stack: 0x00000039abd00000,0x00000039abe00000] [id=16012]
  0x00000224f99cc230 GCTaskThread "GC Thread#3" [stack: 0x00000039abe00000,0x00000039abf00000] [id=13444]
  0x00000224d4815e00 ConcurrentGCThread "G1 Main Marker" [stack: 0x00000039aa900000,0x00000039aaa00000] [id=8172]
  0x00000224d4816810 ConcurrentGCThread "G1 Conc#0" [stack: 0x00000039aaa00000,0x00000039aab00000] [id=12364]
  0x00000224d487e7d0 ConcurrentGCThread "G1 Refine#0" [stack: 0x00000039aab00000,0x00000039aac00000] [id=9136]
  0x00000224f4322780 ConcurrentGCThread "G1 Service" [stack: 0x00000039aac00000,0x00000039aad00000] [id=13320]

Threads with active compile tasks:
C2 CompilerThread0    18719 3302       4       uet.project.arkanoid.game.GameView::onDraw (339 bytes)

VM state: not at safepoint (normal execution)

VM Mutex/Monitor currently owned by a thread: None

Heap address: 0x0000000744c00000, size: 2996 MB, Compressed Oops mode: Zero based, Oop shift amount: 3

CDS archive(s) mapped at: [0x0000022480000000-0x0000022480bd0000-0x0000022480bd0000), size 12386304, SharedBaseAddress: 0x0000022480000000, ArchiveRelocationMode: 1.
Compressed class space mapped at: 0x0000022481000000-0x00000224c1000000, reserved size: 1073741824
Narrow klass base: 0x0000022480000000, Narrow klass shift: 0, Narrow klass range: 0x100000000

GC Precious Log:
 CPUs: 4 total, 4 available
 Memory: 11982M
 Large Page Support: Disabled
 NUMA Support: Disabled
 Compressed Oops: Enabled (Zero based)
 Heap Region Size: 2M
 Heap Min Capacity: 8M
 Heap Initial Capacity: 188M
 Heap Max Capacity: 2996M
 Pre-touch: Disabled
 Parallel Workers: 4
 Concurrent Workers: 1
 Concurrent Refinement Workers: 4
 Periodic GC: Disabled

Heap:
 garbage-first heap   total 344064K, used 158353K [0x0000000744c00000, 0x0000000800000000)
  region size 2048K, 4 young (8192K), 1 survivors (2048K)
 Metaspace       used 13684K, committed 13888K, reserved 1114112K
  class space    used 1574K, committed 1664K, reserved 1048576K

Heap Regions: E=young(eden), S=young(survivor), O=old, HS=humongous(starts), HC=humongous(continues), CS=collection set, F=free, OA=open archive, CA=closed archive, TAMS=top-at-mark-start (previous, next)
|   0|0x0000000744c00000, 0x0000000744e00000, 0x0000000744e00000|100%|HS|  |TAMS 0x0000000744e00000, 0x0000000744e00000| Complete 
|   1|0x0000000744e00000, 0x0000000745000000, 0x0000000745000000|100%|HC|  |TAMS 0x0000000745000000, 0x0000000745000000| Complete 
|   2|0x0000000745000000, 0x0000000745200000, 0x0000000745200000|100%|HC|  |TAMS 0x0000000745200000, 0x0000000745200000| Complete 
|   3|0x0000000745200000, 0x0000000745400000, 0x0000000745400000|100%| O|  |TAMS 0x0000000745400000, 0x0000000745400000| Untracked 
|   4|0x0000000745400000, 0x0000000745600000, 0x0000000745600000|100%|HS|  |TAMS 0x0000000745600000, 0x0000000745600000| Complete 
|   5|0x0000000745600000, 0x0000000745800000, 0x0000000745800000|100%|HC|  |TAMS 0x0000000745800000, 0x0000000745800000| Complete 
|   6|0x0000000745800000, 0x0000000745a00000, 0x0000000745a00000|100%|HC|  |TAMS 0x0000000745a00000, 0x0000000745a00000| Complete 
|   7|0x0000000745a00000, 0x0000000745c00000, 0x0000000745c00000|100%|HC|  |TAMS 0x0000000745c00000, 0x0000000745c00000| Complete 
|   8|0x0000000745c00000, 0x0000000745e00000, 0x0000000745e00000|100%|HS|  |TAMS 0x0000000745e00000, 0x0000000745e00000| Complete 
|   9|0x0000000745e00000, 0x0000000746000000, 0x0000000746000000|100%|HC|  |TAMS 0x0000000746000000, 0x0000000746000000| Complete 
|  10|0x0000000746000000, 0x0000000746200000, 0x0000000746200000|100%|HC|  |TAMS 0x0000000746200000, 0x0000000746200000| Complete 
|  11|0x0000000746200000, 0x0000000746400000, 0x0000000746400000|100%|HC|  |TAMS 0x0000000746400000, 0x0000000746400000| Complete 
|  12|0x0000000746400000, 0x0000000746600000, 0x0000000746600000|100%|HC|  |TAMS 0x0000000746600000, 0x0000000746600000| Complete 
|  13|0x0000000746600000, 0x0000000746800000, 0x0000000746800000|100%|HC|  |TAMS 0x0000000746800000, 0x0000000746800000| Complete 
|  14|0x0000000746800000, 0x0000000746a00000, 0x0000000746a00000|100%|HC|  |TAMS 0x0000000746a00000, 0x0000000746a00000| Complete 
|  15|0x0000000746a00000, 0x0000000746c00000, 0x0000000746c00000|100%|HS|  |TAMS 0x0000000746c00000, 0x0000000746c00000| Complete 
|  16|0x0000000746c00000, 0x0000000746e00000, 0x0000000746e00000|100%|HC|  |TAMS 0x0000000746e00000, 0x0000000746e00000| Complete 
|  17|0x0000000746e00000, 0x0000000747000000, 0x0000000747000000|100%|HC|  |TAMS 0x0000000747000000, 0x0000000747000000| Complete 
|  18|0x0000000747000000, 0x0000000747200000, 0x0000000747200000|100%|HC|  |TAMS 0x0000000747200000, 0x0000000747200000| Complete 
|  19|0x0000000747200000, 0x0000000747400000, 0x0000000747400000|100%|HS|  |TAMS 0x0000000747400000, 0x0000000747400000| Complete 
|  20|0x0000000747400000, 0x0000000747600000, 0x0000000747600000|100%|HC|  |TAMS 0x0000000747600000, 0x0000000747600000| Complete 
|  21|0x0000000747600000, 0x0000000747800000, 0x0000000747800000|100%|HC|  |TAMS 0x0000000747800000, 0x0000000747800000| Complete 
|  22|0x0000000747800000, 0x0000000747a00000, 0x0000000747a00000|100%|HS|  |TAMS 0x0000000747a00000, 0x0000000747a00000| Complete 
|  23|0x0000000747a00000, 0x0000000747c00000, 0x0000000747c00000|100%|HC|  |TAMS 0x0000000747c00000, 0x0000000747c00000| Complete 
|  24|0x0000000747c00000, 0x0000000747e00000, 0x0000000747e00000|100%|HS|  |TAMS 0x0000000747e00000, 0x0000000747e00000| Complete 
|  25|0x0000000747e00000, 0x0000000748000000, 0x0000000748000000|100%|HC|  |TAMS 0x0000000748000000, 0x0000000748000000| Complete 
|  26|0x0000000748000000, 0x0000000748200000, 0x0000000748200000|100%|HS|  |TAMS 0x0000000748200000, 0x0000000748200000| Complete 
|  27|0x0000000748200000, 0x0000000748400000, 0x0000000748400000|100%|HC|  |TAMS 0x0000000748400000, 0x0000000748400000| Complete 
|  28|0x0000000748400000, 0x0000000748600000, 0x0000000748600000|100%|HS|  |TAMS 0x0000000748600000, 0x0000000748600000| Complete 
|  29|0x0000000748600000, 0x0000000748800000, 0x0000000748800000|100%|HC|  |TAMS 0x0000000748800000, 0x0000000748800000| Complete 
|  30|0x0000000748800000, 0x0000000748a00000, 0x0000000748a00000|100%|HC|  |TAMS 0x0000000748a00000, 0x0000000748a00000| Complete 
|  31|0x0000000748a00000, 0x0000000748c00000, 0x0000000748c00000|100%|HC|  |TAMS 0x0000000748c00000, 0x0000000748c00000| Complete 
|  32|0x0000000748c00000, 0x0000000748e00000, 0x0000000748e00000|100%|HC|  |TAMS 0x0000000748e00000, 0x0000000748e00000| Complete 
|  33|0x0000000748e00000, 0x0000000749000000, 0x0000000749000000|100%|HC|  |TAMS 0x0000000749000000, 0x0000000749000000| Complete 
|  34|0x0000000749000000, 0x0000000749200000, 0x0000000749200000|100%|HS|  |TAMS 0x0000000749200000, 0x0000000749200000| Complete 
|  35|0x0000000749200000, 0x0000000749400000, 0x0000000749400000|100%|HC|  |TAMS 0x0000000749400000, 0x0000000749400000| Complete 
|  36|0x0000000749400000, 0x0000000749600000, 0x0000000749600000|100%|HC|  |TAMS 0x0000000749600000, 0x0000000749600000| Complete 
|  37|0x0000000749600000, 0x0000000749800000, 0x0000000749800000|100%|HC|  |TAMS 0x0000000749800000, 0x0000000749800000| Complete 
|  38|0x0000000749800000, 0x0000000749a00000, 0x0000000749a00000|100%|HC|  |TAMS 0x0000000749a00000, 0x0000000749a00000| Complete 
|  39|0x0000000749a00000, 0x0000000749c00000, 0x0000000749c00000|100%| O|  |TAMS 0x0000000749c00000, 0x0000000749c00000| Untracked 
|  40|0x0000000749c00000, 0x0000000749e00000, 0x0000000749e00000|100%|HS|  |TAMS 0x0000000749e00000, 0x0000000749e00000| Complete 
|  41|0x0000000749e00000, 0x000000074a000000, 0x000000074a000000|100%|HC|  |TAMS 0x000000074a000000, 0x000000074a000000| Complete 
|  42|0x000000074a000000, 0x000000074a200000, 0x000000074a200000|100%|HC|  |TAMS 0x000000074a200000, 0x000000074a200000| Complete 
|  43|0x000000074a200000, 0x000000074a400000, 0x000000074a400000|100%|HC|  |TAMS 0x000000074a400000, 0x000000074a400000| Complete 
|  44|0x000000074a400000, 0x000000074a600000, 0x000000074a600000|100%|HC|  |TAMS 0x000000074a600000, 0x000000074a600000| Complete 
|  45|0x000000074a600000, 0x000000074a800000, 0x000000074a800000|100%|HC|  |TAMS 0x000000074a800000, 0x000000074a800000| Complete 
|  46|0x000000074a800000, 0x000000074aa00000, 0x000000074aa00000|100%| O|  |TAMS 0x000000074a8b3a00, 0x000000074aa00000| Untracked 
|  47|0x000000074aa00000, 0x000000074ac00000, 0x000000074ac00000|100%|HS|  |TAMS 0x000000074ac00000, 0x000000074ac00000| Complete 
|  48|0x000000074ac00000, 0x000000074ae00000, 0x000000074ae00000|100%|HC|  |TAMS 0x000000074ae00000, 0x000000074ae00000| Complete 
|  49|0x000000074ae00000, 0x000000074b000000, 0x000000074b000000|100%|HS|  |TAMS 0x000000074b000000, 0x000000074b000000| Complete 
|  50|0x000000074b000000, 0x000000074b200000, 0x000000074b200000|100%|HC|  |TAMS 0x000000074b200000, 0x000000074b200000| Complete 
|  51|0x000000074b200000, 0x000000074b400000, 0x000000074b400000|100%|HS|  |TAMS 0x000000074b400000, 0x000000074b400000| Complete 
|  52|0x000000074b400000, 0x000000074b600000, 0x000000074b600000|100%|HC|  |TAMS 0x000000074b600000, 0x000000074b600000| Complete 
|  53|0x000000074b600000, 0x000000074b800000, 0x000000074b800000|100%|HS|  |TAMS 0x000000074b800000, 0x000000074b800000| Complete 
|  54|0x000000074b800000, 0x000000074ba00000, 0x000000074ba00000|100%|HC|  |TAMS 0x000000074ba00000, 0x000000074ba00000| Complete 
|  55|0x000000074ba00000, 0x000000074bc00000, 0x000000074bc00000|100%|HS|  |TAMS 0x000000074bc00000, 0x000000074bc00000| Complete 
|  56|0x000000074bc00000, 0x000000074be00000, 0x000000074be00000|100%|HC|  |TAMS 0x000000074be00000, 0x000000074be00000| Complete 
|  57|0x000000074be00000, 0x000000074c000000, 0x000000074c000000|100%|HS|  |TAMS 0x000000074c000000, 0x000000074c000000| Complete 
|  58|0x000000074c000000, 0x000000074c200000, 0x000000074c200000|100%|HC|  |TAMS 0x000000074c200000, 0x000000074c200000| Complete 
|  59|0x000000074c200000, 0x000000074c400000, 0x000000074c400000|100%|HS|  |TAMS 0x000000074c400000, 0x000000074c400000| Complete 
|  60|0x000000074c400000, 0x000000074c600000, 0x000000074c600000|100%|HC|  |TAMS 0x000000074c600000, 0x000000074c600000| Complete 
|  61|0x000000074c600000, 0x000000074c800000, 0x000000074c800000|100%|HS|  |TAMS 0x000000074c800000, 0x000000074c800000| Complete 
|  62|0x000000074c800000, 0x000000074ca00000, 0x000000074ca00000|100%|HC|  |TAMS 0x000000074ca00000, 0x000000074ca00000| Complete 
|  63|0x000000074ca00000, 0x000000074cc00000, 0x000000074cc00000|100%|HS|  |TAMS 0x000000074cc00000, 0x000000074cc00000| Complete 
|  64|0x000000074cc00000, 0x000000074ce00000, 0x000000074ce00000|100%|HC|  |TAMS 0x000000074ce00000, 0x000000074ce00000| Complete 
|  65|0x000000074ce00000, 0x000000074d000000, 0x000000074d000000|100%|HC|  |TAMS 0x000000074d000000, 0x000000074d000000| Complete 
|  66|0x000000074d000000, 0x000000074d200000, 0x000000074d200000|100%|HS|  |TAMS 0x000000074d200000, 0x000000074d200000| Complete 
|  67|0x000000074d200000, 0x000000074d400000, 0x000000074d400000|100%| O|  |TAMS 0x000000074d200000, 0x000000074d400000| Untracked 
|  68|0x000000074d400000, 0x000000074d600000, 0x000000074d600000|100%| O|  |TAMS 0x000000074d400000, 0x000000074d501a00| Untracked 
|  69|0x000000074d600000, 0x000000074d800000, 0x000000074d800000|100%|HS|  |TAMS 0x000000074d600000, 0x000000074d800000| Complete 
|  70|0x000000074d800000, 0x000000074da00000, 0x000000074da00000|100%| O|  |TAMS 0x000000074d800000, 0x000000074d800000| Untracked 
|  71|0x000000074da00000, 0x000000074dc00000, 0x000000074dc00000|100%|HS|  |TAMS 0x000000074da00000, 0x000000074da00000| Complete 
|  72|0x000000074dc00000, 0x000000074de00000, 0x000000074de00000|100%| O|  |TAMS 0x000000074dc00000, 0x000000074dc00000| Untracked 
|  73|0x000000074de00000, 0x000000074e000000, 0x000000074e000000|100%| O|  |TAMS 0x000000074de00000, 0x000000074de00000| Untracked 
|  74|0x000000074e000000, 0x000000074e11c400, 0x000000074e200000| 55%| O|  |TAMS 0x000000074e000000, 0x000000074e000000| Untracked 
|  75|0x000000074e200000, 0x000000074e200000, 0x000000074e400000|  0%| F|  |TAMS 0x000000074e200000, 0x000000074e200000| Untracked 
|  76|0x000000074e400000, 0x000000074e400000, 0x000000074e600000|  0%| F|  |TAMS 0x000000074e400000, 0x000000074e400000| Untracked 
|  77|0x000000074e600000, 0x000000074e600000, 0x000000074e800000|  0%| F|  |TAMS 0x000000074e600000, 0x000000074e600000| Untracked 
|  78|0x000000074e800000, 0x000000074e800000, 0x000000074ea00000|  0%| F|  |TAMS 0x000000074e800000, 0x000000074e800000| Untracked 
|  79|0x000000074ea00000, 0x000000074ea00000, 0x000000074ec00000|  0%| F|  |TAMS 0x000000074ea00000, 0x000000074ea00000| Untracked 
|  80|0x000000074ec00000, 0x000000074ec00000, 0x000000074ee00000|  0%| F|  |TAMS 0x000000074ec00000, 0x000000074ec00000| Untracked 
|  81|0x000000074ee00000, 0x000000074ee00000, 0x000000074f000000|  0%| F|  |TAMS 0x000000074ee00000, 0x000000074ee00000| Untracked 
|  82|0x000000074f000000, 0x000000074f000000, 0x000000074f200000|  0%| F|  |TAMS 0x000000074f000000, 0x000000074f000000| Untracked 
|  83|0x000000074f200000, 0x000000074f200000, 0x000000074f400000|  0%| F|  |TAMS 0x000000074f200000, 0x000000074f200000| Untracked 
|  84|0x000000074f400000, 0x000000074f400000, 0x000000074f600000|  0%| F|  |TAMS 0x000000074f400000, 0x000000074f400000| Untracked 
|  85|0x000000074f600000, 0x000000074f600000, 0x000000074f800000|  0%| F|  |TAMS 0x000000074f600000, 0x000000074f600000| Untracked 
|  86|0x000000074f800000, 0x000000074f800000, 0x000000074fa00000|  0%| F|  |TAMS 0x000000074f800000, 0x000000074f800000| Untracked 
|  87|0x000000074fa00000, 0x000000074fa00000, 0x000000074fc00000|  0%| F|  |TAMS 0x000000074fa00000, 0x000000074fa00000| Untracked 
|  88|0x000000074fc00000, 0x000000074fc00000, 0x000000074fe00000|  0%| F|  |TAMS 0x000000074fc00000, 0x000000074fc00000| Untracked 
|  89|0x000000074fe00000, 0x000000074fe00000, 0x0000000750000000|  0%| F|  |TAMS 0x000000074fe00000, 0x000000074fe00000| Untracked 
|  90|0x0000000750000000, 0x0000000750000000, 0x0000000750200000|  0%| F|  |TAMS 0x0000000750000000, 0x0000000750000000| Untracked 
|  91|0x0000000750200000, 0x0000000750200000, 0x0000000750400000|  0%| F|  |TAMS 0x0000000750200000, 0x0000000750200000| Untracked 
|  92|0x0000000750400000, 0x0000000750400000, 0x0000000750600000|  0%| F|  |TAMS 0x0000000750400000, 0x0000000750400000| Untracked 
|  93|0x0000000750600000, 0x0000000750600000, 0x0000000750800000|  0%| F|  |TAMS 0x0000000750600000, 0x0000000750600000| Untracked 
|  94|0x0000000750800000, 0x0000000750800000, 0x0000000750a00000|  0%| F|  |TAMS 0x0000000750800000, 0x0000000750800000| Untracked 
|  95|0x0000000750a00000, 0x0000000750a00000, 0x0000000750c00000|  0%| F|  |TAMS 0x0000000750a00000, 0x0000000750a00000| Untracked 
|  96|0x0000000750c00000, 0x0000000750c00000, 0x0000000750e00000|  0%| F|  |TAMS 0x0000000750c00000, 0x0000000750c00000| Untracked 
|  97|0x0000000750e00000, 0x0000000750e00000, 0x0000000751000000|  0%| F|  |TAMS 0x0000000750e00000, 0x0000000750e00000| Untracked 
|  98|0x0000000751000000, 0x0000000751000000, 0x0000000751200000|  0%| F|  |TAMS 0x0000000751000000, 0x0000000751000000| Untracked 
|  99|0x0000000751200000, 0x0000000751200000, 0x0000000751400000|  0%| F|  |TAMS 0x0000000751200000, 0x0000000751200000| Untracked 
| 100|0x0000000751400000, 0x0000000751400000, 0x0000000751600000|  0%| F|  |TAMS 0x0000000751400000, 0x0000000751400000| Untracked 
| 101|0x0000000751600000, 0x0000000751600000, 0x0000000751800000|  0%| F|  |TAMS 0x0000000751600000, 0x0000000751600000| Untracked 
| 102|0x0000000751800000, 0x0000000751800000, 0x0000000751a00000|  0%| F|  |TAMS 0x0000000751800000, 0x0000000751800000| Untracked 
| 103|0x0000000751a00000, 0x0000000751a00000, 0x0000000751c00000|  0%| F|  |TAMS 0x0000000751a00000, 0x0000000751a00000| Untracked 
| 104|0x0000000751c00000, 0x0000000751c00000, 0x0000000751e00000|  0%| F|  |TAMS 0x0000000751c00000, 0x0000000751c00000| Untracked 
| 105|0x0000000751e00000, 0x0000000751e00000, 0x0000000752000000|  0%| F|  |TAMS 0x0000000751e00000, 0x0000000751e00000| Untracked 
| 106|0x0000000752000000, 0x0000000752000000, 0x0000000752200000|  0%| F|  |TAMS 0x0000000752000000, 0x0000000752000000| Untracked 
| 107|0x0000000752200000, 0x0000000752200000, 0x0000000752400000|  0%| F|  |TAMS 0x0000000752200000, 0x0000000752200000| Untracked 
| 108|0x0000000752400000, 0x0000000752400000, 0x0000000752600000|  0%| F|  |TAMS 0x0000000752400000, 0x0000000752400000| Untracked 
| 109|0x0000000752600000, 0x0000000752600000, 0x0000000752800000|  0%| F|  |TAMS 0x0000000752600000, 0x0000000752600000| Untracked 
| 110|0x0000000752800000, 0x0000000752800000, 0x0000000752a00000|  0%| F|  |TAMS 0x0000000752800000, 0x0000000752800000| Untracked 
| 111|0x0000000752a00000, 0x0000000752a00000, 0x0000000752c00000|  0%| F|  |TAMS 0x0000000752a00000, 0x0000000752a00000| Untracked 
| 112|0x0000000752c00000, 0x0000000752c00000, 0x0000000752e00000|  0%| F|  |TAMS 0x0000000752c00000, 0x0000000752c00000| Untracked 
| 113|0x0000000752e00000, 0x0000000752e00000, 0x0000000753000000|  0%| F|  |TAMS 0x0000000752e00000, 0x0000000752e00000| Untracked 
| 114|0x0000000753000000, 0x0000000753000000, 0x0000000753200000|  0%| F|  |TAMS 0x0000000753000000, 0x0000000753000000| Untracked 
| 115|0x0000000753200000, 0x0000000753200000, 0x0000000753400000|  0%| F|  |TAMS 0x0000000753200000, 0x0000000753200000| Untracked 
| 116|0x0000000753400000, 0x0000000753400000, 0x0000000753600000|  0%| F|  |TAMS 0x0000000753400000, 0x0000000753400000| Untracked 
| 117|0x0000000753600000, 0x0000000753600000, 0x0000000753800000|  0%| F|  |TAMS 0x0000000753600000, 0x0000000753600000| Untracked 
| 118|0x0000000753800000, 0x0000000753800000, 0x0000000753a00000|  0%| F|  |TAMS 0x0000000753800000, 0x0000000753800000| Untracked 
| 119|0x0000000753a00000, 0x0000000753a00000, 0x0000000753c00000|  0%| F|  |TAMS 0x0000000753a00000, 0x0000000753a00000| Untracked 
| 120|0x0000000753c00000, 0x0000000753c00000, 0x0000000753e00000|  0%| F|  |TAMS 0x0000000753c00000, 0x0000000753c00000| Untracked 
| 121|0x0000000753e00000, 0x0000000753e00000, 0x0000000754000000|  0%| F|  |TAMS 0x0000000753e00000, 0x0000000753e00000| Untracked 
| 122|0x0000000754000000, 0x0000000754000000, 0x0000000754200000|  0%| F|  |TAMS 0x0000000754000000, 0x0000000754000000| Untracked 
| 123|0x0000000754200000, 0x0000000754200000, 0x0000000754400000|  0%| F|  |TAMS 0x0000000754200000, 0x0000000754200000| Untracked 
| 124|0x0000000754400000, 0x0000000754400000, 0x0000000754600000|  0%| F|  |TAMS 0x0000000754400000, 0x0000000754400000| Untracked 
| 125|0x0000000754600000, 0x0000000754600000, 0x0000000754800000|  0%| F|  |TAMS 0x0000000754600000, 0x0000000754600000| Untracked 
| 126|0x0000000754800000, 0x0000000754800000, 0x0000000754a00000|  0%| F|  |TAMS 0x0000000754800000, 0x0000000754800000| Untracked 
| 127|0x0000000754a00000, 0x0000000754a00000, 0x0000000754c00000|  0%| F|  |TAMS 0x0000000754a00000, 0x0000000754a00000| Untracked 
| 128|0x0000000754c00000, 0x0000000754c00000, 0x0000000754e00000|  0%| F|  |TAMS 0x0000000754c00000, 0x0000000754c00000| Untracked 
| 129|0x0000000754e00000, 0x0000000754e00000, 0x0000000755000000|  0%| F|  |TAMS 0x0000000754e00000, 0x0000000754e00000| Untracked 
| 130|0x0000000755000000, 0x0000000755000000, 0x0000000755200000|  0%| F|  |TAMS 0x0000000755000000, 0x0000000755000000| Untracked 
| 131|0x0000000755200000, 0x0000000755200000, 0x0000000755400000|  0%| F|  |TAMS 0x0000000755200000, 0x0000000755200000| Untracked 
| 132|0x0000000755400000, 0x0000000755400000, 0x0000000755600000|  0%| F|  |TAMS 0x0000000755400000, 0x0000000755400000| Untracked 
| 133|0x0000000755600000, 0x0000000755600000, 0x0000000755800000|  0%| F|  |TAMS 0x0000000755600000, 0x0000000755600000| Untracked 
| 134|0x0000000755800000, 0x0000000755800000, 0x0000000755a00000|  0%| F|  |TAMS 0x0000000755800000, 0x0000000755800000| Untracked 
| 135|0x0000000755a00000, 0x0000000755a00000, 0x0000000755c00000|  0%| F|  |TAMS 0x0000000755a00000, 0x0000000755a00000| Untracked 
| 136|0x0000000755c00000, 0x0000000755c00000, 0x0000000755e00000|  0%| F|  |TAMS 0x0000000755c00000, 0x0000000755c00000| Untracked 
| 137|0x0000000755e00000, 0x0000000755e00000, 0x0000000756000000|  0%| F|  |TAMS 0x0000000755e00000, 0x0000000755e00000| Untracked 
| 138|0x0000000756000000, 0x0000000756000000, 0x0000000756200000|  0%| F|  |TAMS 0x0000000756000000, 0x0000000756000000| Untracked 
| 139|0x0000000756200000, 0x0000000756200000, 0x0000000756400000|  0%| F|  |TAMS 0x0000000756200000, 0x0000000756200000| Untracked 
| 140|0x0000000756400000, 0x0000000756400000, 0x0000000756600000|  0%| F|  |TAMS 0x0000000756400000, 0x0000000756400000| Untracked 
| 141|0x0000000756600000, 0x00000007567881b8, 0x0000000756800000| 76%| S|CS|TAMS 0x0000000756600000, 0x0000000756600000| Complete 
| 142|0x0000000756800000, 0x0000000756800000, 0x0000000756a00000|  0%| F|  |TAMS 0x0000000756800000, 0x0000000756800000| Untracked 
| 143|0x0000000756a00000, 0x0000000756a00000, 0x0000000756c00000|  0%| F|  |TAMS 0x0000000756a00000, 0x0000000756a00000| Untracked 
| 144|0x0000000756c00000, 0x0000000756c00000, 0x0000000756e00000|  0%| F|  |TAMS 0x0000000756c00000, 0x0000000756c00000| Untracked 
| 145|0x0000000756e00000, 0x0000000756e00000, 0x0000000757000000|  0%| F|  |TAMS 0x0000000756e00000, 0x0000000756e00000| Untracked 
| 146|0x0000000757000000, 0x0000000757000000, 0x0000000757200000|  0%| F|  |TAMS 0x0000000757000000, 0x0000000757000000| Untracked 
| 147|0x0000000757200000, 0x0000000757200000, 0x0000000757400000|  0%| F|  |TAMS 0x0000000757200000, 0x0000000757200000| Untracked 
| 148|0x0000000757400000, 0x0000000757400000, 0x0000000757600000|  0%| F|  |TAMS 0x0000000757400000, 0x0000000757400000| Untracked 
| 149|0x0000000757600000, 0x0000000757600000, 0x0000000757800000|  0%| F|  |TAMS 0x0000000757600000, 0x0000000757600000| Untracked 
| 150|0x0000000757800000, 0x0000000757800000, 0x0000000757a00000|  0%| F|  |TAMS 0x0000000757800000, 0x0000000757800000| Untracked 
| 151|0x0000000757a00000, 0x0000000757a00000, 0x0000000757c00000|  0%| F|  |TAMS 0x0000000757a00000, 0x0000000757a00000| Untracked 
| 152|0x0000000757c00000, 0x0000000757c00000, 0x0000000757e00000|  0%| F|  |TAMS 0x0000000757c00000, 0x0000000757c00000| Untracked 
| 153|0x0000000757e00000, 0x0000000757e00000, 0x0000000758000000|  0%| F|  |TAMS 0x0000000757e00000, 0x0000000757e00000| Untracked 
| 154|0x0000000758000000, 0x0000000758000000, 0x0000000758200000|  0%| F|  |TAMS 0x0000000758000000, 0x0000000758000000| Untracked 
| 155|0x0000000758200000, 0x0000000758200000, 0x0000000758400000|  0%| F|  |TAMS 0x0000000758200000, 0x0000000758200000| Untracked 
| 156|0x0000000758400000, 0x0000000758400000, 0x0000000758600000|  0%| F|  |TAMS 0x0000000758400000, 0x0000000758400000| Untracked 
| 157|0x0000000758600000, 0x0000000758600000, 0x0000000758800000|  0%| F|  |TAMS 0x0000000758600000, 0x0000000758600000| Untracked 
| 158|0x0000000758800000, 0x0000000758800000, 0x0000000758a00000|  0%| F|  |TAMS 0x0000000758800000, 0x0000000758800000| Untracked 
| 159|0x0000000758a00000, 0x0000000758a00000, 0x0000000758c00000|  0%| F|  |TAMS 0x0000000758a00000, 0x0000000758a00000| Untracked 
| 160|0x0000000758c00000, 0x0000000758c00000, 0x0000000758e00000|  0%| F|  |TAMS 0x0000000758c00000, 0x0000000758c00000| Untracked 
| 161|0x0000000758e00000, 0x0000000758e00000, 0x0000000759000000|  0%| F|  |TAMS 0x0000000758e00000, 0x0000000758e00000| Untracked 
| 162|0x0000000759000000, 0x0000000759000000, 0x0000000759200000|  0%| F|  |TAMS 0x0000000759000000, 0x0000000759000000| Untracked 
| 163|0x0000000759200000, 0x0000000759200000, 0x0000000759400000|  0%| F|  |TAMS 0x0000000759200000, 0x0000000759200000| Untracked 
| 164|0x0000000759400000, 0x0000000759400000, 0x0000000759600000|  0%| F|  |TAMS 0x0000000759400000, 0x0000000759400000| Untracked 
| 165|0x0000000759600000, 0x000000075963b4d8, 0x0000000759800000| 11%| E|  |TAMS 0x0000000759600000, 0x0000000759600000| Complete 
| 166|0x0000000759800000, 0x0000000759a00000, 0x0000000759a00000|100%| E|CS|TAMS 0x0000000759800000, 0x0000000759800000| Complete 
| 167|0x0000000759a00000, 0x0000000759c00000, 0x0000000759c00000|100%| E|CS|TAMS 0x0000000759a00000, 0x0000000759a00000| Complete 

Card table byte_map: [0x00000224eb650000,0x00000224ebc30000] _byte_map_base: 0x00000224e7c2a000

Marking Bits (Prev, Next): (CMBitMap*) 0x00000224d4809990, (CMBitMap*) 0x00000224d48099d0
 Prev Bits: [0x00000224ec210000, 0x00000224ef0e0000)
 Next Bits: [0x00000224ef0e0000, 0x00000224f1fb0000)

Polling page: 0x00000224d2690000

Metaspace:

Usage:
  Non-class:     11.83 MB used.
      Class:      1.54 MB used.
       Both:     13.36 MB used.

Virtual space:
  Non-class space:       64.00 MB reserved,      11.94 MB ( 19%) committed,  1 nodes.
      Class space:        1.00 GB reserved,       1.62 MB ( <1%) committed,  1 nodes.
             Both:        1.06 GB reserved,      13.56 MB (  1%) committed. 

Chunk freelists:
   Non-Class:  3.84 MB
       Class:  14.25 MB
        Both:  18.09 MB

MaxMetaspaceSize: unlimited
CompressedClassSpaceSize: 1.00 GB
Initial GC threshold: 21.00 MB
Current GC threshold: 21.00 MB
CDS: on
MetaspaceReclaimPolicy: balanced
 - commit_granule_bytes: 65536.
 - commit_granule_words: 8192.
 - virtual_space_node_default_size: 8388608.
 - enlarge_chunks_in_place: 1.
 - new_chunks_are_fully_committed: 0.
 - uncommit_free_chunks: 1.
 - use_allocation_guard: 0.
 - handle_deallocations: 1.


Internal statistics:

num_allocs_failed_limit: 0.
num_arena_births: 162.
num_arena_deaths: 0.
num_vsnodes_births: 2.
num_vsnodes_deaths: 0.
num_space_committed: 217.
num_space_uncommitted: 0.
num_chunks_returned_to_freelist: 0.
num_chunks_taken_from_freelist: 529.
num_chunk_merges: 0.
num_chunk_splits: 369.
num_chunks_enlarged: 296.
num_inconsistent_stats: 0.

CodeHeap 'non-profiled nmethods': size=120000Kb used=1542Kb max_used=1542Kb free=118457Kb
 bounds [0x00000224e3b40000, 0x00000224e3db0000, 0x00000224eb070000]
CodeHeap 'profiled nmethods': size=120000Kb used=6382Kb max_used=6382Kb free=113617Kb
 bounds [0x00000224dc070000, 0x00000224dc6b0000, 0x00000224e35a0000]
CodeHeap 'non-nmethods': size=5760Kb used=1424Kb max_used=1463Kb free=4335Kb
 bounds [0x00000224e35a0000, 0x00000224e3810000, 0x00000224e3b40000]
 total_blobs=4067 nmethods=3299 adapters=679
 compilation: enabled
              stopped_count=0, restarted_count=0
 full_count=0

Compilation events (20 events):
Event: 18.060 Thread 0x00000224f44b5ad0 nmethod 3292 0x00000224dc6a5810 code [0x00000224dc6a5a60, 0x00000224dc6a6218]
Event: 18.208 Thread 0x00000224f44b5ad0 3293       3       java.lang.StringLatin1::toChars (16 bytes)
Event: 18.209 Thread 0x00000224f44b5ad0 nmethod 3293 0x00000224dc6a6490 code [0x00000224dc6a6640, 0x00000224dc6a6828]
Event: 18.312 Thread 0x00000224f44b5ad0 3294       3       uet.project.arkanoid.objects.Boss::update (27 bytes)
Event: 18.312 Thread 0x00000224f44b5ad0 nmethod 3294 0x00000224dc6a6910 code [0x00000224dc6a6aa0, 0x00000224dc6a6c18]
Event: 18.458 Thread 0x00000224f448d900 3295       4       com.sun.javafx.geom.transform.AffineBase::isIdentity (20 bytes)
Event: 18.462 Thread 0x00000224f448d900 nmethod 3295 0x00000224e3cc0a90 code [0x00000224e3cc0d00, 0x00000224e3cc1348]
Event: 18.468 Thread 0x00000224f44b5ad0 3296       3       javafx.scene.Scene::buildEventDispatchChain (48 bytes)
Event: 18.469 Thread 0x00000224f44b5ad0 nmethod 3296 0x00000224dc6a6c90 code [0x00000224dc6a6f20, 0x00000224dc6a8198]
Event: 18.469 Thread 0x00000224f44b5ad0 3297       3       com.sun.javafx.scene.KeyboardShortcutsHandler::dispatchCapturingEvent (223 bytes)
Event: 18.470 Thread 0x00000224f44b5ad0 nmethod 3297 0x00000224dc6a8610 code [0x00000224dc6a88c0, 0x00000224dc6a98e8]
Event: 18.470 Thread 0x00000224f44b5ad0 3298       3       com.sun.javafx.scene.KeyboardShortcutsHandler::dispatchBubblingEvent (60 bytes)
Event: 18.470 Thread 0x00000224f44b5ad0 nmethod 3298 0x00000224dc6a9c90 code [0x00000224dc6a9e80, 0x00000224dc6aa588]
Event: 18.470 Thread 0x00000224f44b5ad0 3299       1       javafx.scene.input.KeyEvent::isAltDown (5 bytes)
Event: 18.470 Thread 0x00000224f44b5ad0 nmethod 3299 0x00000224e3cc1690 code [0x00000224e3cc1820, 0x00000224e3cc18f8]
Event: 18.498 Thread 0x00000224f44b5ad0 3300       3       com.sun.javafx.tk.quantum.GlassScene::getAccessControlContext (22 bytes)
Event: 18.498 Thread 0x00000224f44b5ad0 nmethod 3300 0x00000224dc6aa710 code [0x00000224dc6aa8c0, 0x00000224dc6aaac8]
Event: 18.647 Thread 0x00000224f44b5ad0 3301       3       uet.project.arkanoid.objects.Brick::move (109 bytes)
Event: 18.647 Thread 0x00000224f448d900 3302       4       uet.project.arkanoid.game.GameView::onDraw (339 bytes)
Event: 18.647 Thread 0x00000224f44b5ad0 nmethod 3301 0x00000224dc6aab90 code [0x00000224dc6aada0, 0x00000224dc6ab7a8]

GC Heap History (20 events):
Event: 2.567 GC heap before
{Heap before GC invocations=9 (full 0):
 garbage-first heap   total 194560K, used 111658K [0x0000000744c00000, 0x0000000800000000)
  region size 2048K, 4 young (8192K), 3 survivors (6144K)
 Metaspace       used 7498K, committed 7680K, reserved 1114112K
  class space    used 961K, committed 1088K, reserved 1048576K
}
Event: 2.568 GC heap after
{Heap after GC invocations=10 (full 0):
 garbage-first heap   total 233472K, used 111301K [0x0000000744c00000, 0x0000000800000000)
  region size 2048K, 2 young (4096K), 2 survivors (4096K)
 Metaspace       used 7498K, committed 7680K, reserved 1114112K
  class space    used 961K, committed 1088K, reserved 1048576K
}
Event: 2.581 GC heap before
{Heap before GC invocations=11 (full 0):
 garbage-first heap   total 233472K, used 115397K [0x0000000744c00000, 0x0000000800000000)
  region size 2048K, 3 young (6144K), 2 survivors (4096K)
 Metaspace       used 7498K, committed 7680K, reserved 1114112K
  class space    used 961K, committed 1088K, reserved 1048576K
}
Event: 2.583 GC heap after
{Heap after GC invocations=12 (full 0):
 garbage-first heap   total 233472K, used 115717K [0x0000000744c00000, 0x0000000800000000)
  region size 2048K, 3 young (6144K), 3 survivors (6144K)
 Metaspace       used 7498K, committed 7680K, reserved 1114112K
  class space    used 961K, committed 1088K, reserved 1048576K
}
Event: 2.600 GC heap before
{Heap before GC invocations=13 (full 0):
 garbage-first heap   total 233472K, used 119813K [0x0000000744c00000, 0x0000000800000000)
  region size 2048K, 4 young (8192K), 3 survivors (6144K)
 Metaspace       used 7498K, committed 7680K, reserved 1114112K
  class space    used 961K, committed 1088K, reserved 1048576K
}
Event: 2.601 GC heap after
{Heap after GC invocations=14 (full 0):
 garbage-first heap   total 233472K, used 119493K [0x0000000744c00000, 0x0000000800000000)
  region size 2048K, 2 young (4096K), 2 survivors (4096K)
 Metaspace       used 7498K, committed 7680K, reserved 1114112K
  class space    used 961K, committed 1088K, reserved 1048576K
}
Event: 2.626 GC heap before
{Heap before GC invocations=15 (full 0):
 garbage-first heap   total 233472K, used 123589K [0x0000000744c00000, 0x0000000800000000)
  region size 2048K, 3 young (6144K), 2 survivors (4096K)
 Metaspace       used 7498K, committed 7680K, reserved 1114112K
  class space    used 961K, committed 1088K, reserved 1048576K
}
Event: 2.627 GC heap after
{Heap after GC invocations=16 (full 0):
 garbage-first heap   total 233472K, used 123585K [0x0000000744c00000, 0x0000000800000000)
  region size 2048K, 2 young (4096K), 2 survivors (4096K)
 Metaspace       used 7498K, committed 7680K, reserved 1114112K
  class space    used 961K, committed 1088K, reserved 1048576K
}
Event: 2.652 GC heap before
{Heap before GC invocations=17 (full 0):
 garbage-first heap   total 233472K, used 127681K [0x0000000744c00000, 0x0000000800000000)
  region size 2048K, 3 young (6144K), 2 survivors (4096K)
 Metaspace       used 7498K, committed 7680K, reserved 1114112K
  class space    used 961K, committed 1088K, reserved 1048576K
}
Event: 2.653 GC heap after
{Heap after GC invocations=18 (full 0):
 garbage-first heap   total 280576K, used 128003K [0x0000000744c00000, 0x0000000800000000)
  region size 2048K, 3 young (6144K), 3 survivors (6144K)
 Metaspace       used 7498K, committed 7680K, reserved 1114112K
  class space    used 961K, committed 1088K, reserved 1048576K
}
Event: 2.666 GC heap before
{Heap before GC invocations=18 (full 0):
 garbage-first heap   total 280576K, used 132099K [0x0000000744c00000, 0x0000000800000000)
  region size 2048K, 4 young (8192K), 3 survivors (6144K)
 Metaspace       used 7499K, committed 7744K, reserved 1114112K
  class space    used 961K, committed 1088K, reserved 1048576K
}
Event: 2.667 GC heap after
{Heap after GC invocations=19 (full 0):
 garbage-first heap   total 280576K, used 131779K [0x0000000744c00000, 0x0000000800000000)
  region size 2048K, 2 young (4096K), 2 survivors (4096K)
 Metaspace       used 7499K, committed 7744K, reserved 1114112K
  class space    used 961K, committed 1088K, reserved 1048576K
}
Event: 2.703 GC heap before
{Heap before GC invocations=20 (full 0):
 garbage-first heap   total 280576K, used 137923K [0x0000000744c00000, 0x0000000800000000)
  region size 2048K, 3 young (6144K), 2 survivors (4096K)
 Metaspace       used 7499K, committed 7744K, reserved 1114112K
  class space    used 961K, committed 1088K, reserved 1048576K
}
Event: 2.704 GC heap after
{Heap after GC invocations=21 (full 0):
 garbage-first heap   total 280576K, used 139313K [0x0000000744c00000, 0x0000000800000000)
  region size 2048K, 3 young (6144K), 3 survivors (6144K)
 Metaspace       used 7499K, committed 7744K, reserved 1114112K
  class space    used 961K, committed 1088K, reserved 1048576K
}
Event: 2.732 GC heap before
{Heap before GC invocations=22 (full 0):
 garbage-first heap   total 280576K, used 141361K [0x0000000744c00000, 0x0000000800000000)
  region size 2048K, 4 young (8192K), 3 survivors (6144K)
 Metaspace       used 7499K, committed 7744K, reserved 1114112K
  class space    used 961K, committed 1088K, reserved 1048576K
}
Event: 2.733 GC heap after
{Heap after GC invocations=23 (full 0):
 garbage-first heap   total 280576K, used 142924K [0x0000000744c00000, 0x0000000800000000)
  region size 2048K, 2 young (4096K), 2 survivors (4096K)
 Metaspace       used 7499K, committed 7744K, reserved 1114112K
  class space    used 961K, committed 1088K, reserved 1048576K
}
Event: 5.215 GC heap before
{Heap before GC invocations=24 (full 0):
 garbage-first heap   total 280576K, used 163404K [0x0000000744c00000, 0x0000000800000000)
  region size 2048K, 13 young (26624K), 2 survivors (4096K)
 Metaspace       used 11610K, committed 11776K, reserved 1114112K
  class space    used 1410K, committed 1472K, reserved 1048576K
}
Event: 5.218 GC heap after
{Heap after GC invocations=25 (full 0):
 garbage-first heap   total 344064K, used 151780K [0x0000000744c00000, 0x0000000800000000)
  region size 2048K, 4 young (8192K), 4 survivors (8192K)
 Metaspace       used 11610K, committed 11776K, reserved 1114112K
  class space    used 1410K, committed 1472K, reserved 1048576K
}
Event: 17.492 GC heap before
{Heap before GC invocations=25 (full 0):
 garbage-first heap   total 344064K, used 205028K [0x0000000744c00000, 0x0000000800000000)
  region size 2048K, 30 young (61440K), 4 survivors (8192K)
 Metaspace       used 13664K, committed 13888K, reserved 1114112K
  class space    used 1574K, committed 1664K, reserved 1048576K
}
Event: 17.498 GC heap after
{Heap after GC invocations=26 (full 0):
 garbage-first heap   total 344064K, used 154257K [0x0000000744c00000, 0x0000000800000000)
  region size 2048K, 1 young (2048K), 1 survivors (2048K)
 Metaspace       used 13664K, committed 13888K, reserved 1114112K
  class space    used 1574K, committed 1664K, reserved 1048576K
}

Deoptimization events (20 events):
Event: 17.382 Thread 0x00000224fa8fb160 DEOPT PACKING pc=0x00000224e3b4a848 sp=0x00000039ac1f9440
Event: 17.382 Thread 0x00000224fa8fb160 DEOPT UNPACKING pc=0x00000224e35f5ba3 sp=0x00000039ac1f93d8 mode 2
Event: 17.428 Thread 0x00000224fa48ac50 Uncommon trap: trap_request=0xffffff45 fr.pc=0x00000224e3cacf04 relative=0x00000000000009a4
Event: 17.428 Thread 0x00000224fa48ac50 Uncommon trap: reason=unstable_if action=reinterpret pc=0x00000224e3cacf04 method=java.util.HashMap.resize()[Ljava/util/HashMap$Node; @ 203 c2
Event: 17.428 Thread 0x00000224fa48ac50 DEOPT PACKING pc=0x00000224e3cacf04 sp=0x00000039ad0fdfb0
Event: 17.428 Thread 0x00000224fa48ac50 DEOPT UNPACKING pc=0x00000224e35f5ba3 sp=0x00000039ad0fdf50 mode 2
Event: 17.428 Thread 0x00000224fa48ac50 Uncommon trap: trap_request=0xffffff45 fr.pc=0x00000224e3c89ec0 relative=0x0000000000000500
Event: 17.428 Thread 0x00000224fa48ac50 Uncommon trap: reason=unstable_if action=reinterpret pc=0x00000224e3c89ec0 method=java.util.HashMap.getNode(Ljava/lang/Object;)Ljava/util/HashMap$Node; @ 85 c2
Event: 17.428 Thread 0x00000224fa48ac50 DEOPT PACKING pc=0x00000224e3c89ec0 sp=0x00000039ad0febc0
Event: 17.428 Thread 0x00000224fa48ac50 DEOPT UNPACKING pc=0x00000224e35f5ba3 sp=0x00000039ad0feae0 mode 2
Event: 17.442 Thread 0x00000224fa48ac50 Uncommon trap: trap_request=0xffffff45 fr.pc=0x00000224e3bc27b0 relative=0x0000000000000470
Event: 17.442 Thread 0x00000224fa48ac50 Uncommon trap: reason=unstable_if action=reinterpret pc=0x00000224e3bc27b0 method=java.util.HashMap.getNode(Ljava/lang/Object;)Ljava/util/HashMap$Node; @ 85 c2
Event: 17.442 Thread 0x00000224fa48ac50 DEOPT PACKING pc=0x00000224e3bc27b0 sp=0x00000039ad0fea00
Event: 17.442 Thread 0x00000224fa48ac50 DEOPT UNPACKING pc=0x00000224e35f5ba3 sp=0x00000039ad0fe990 mode 2
Event: 18.631 Thread 0x00000224fa8fb160 Uncommon trap: trap_request=0xffffff45 fr.pc=0x00000224e3cbf1b4 relative=0x0000000000000174
Event: 18.631 Thread 0x00000224fa8fb160 Uncommon trap: reason=unstable_if action=reinterpret pc=0x00000224e3cbf1b4 method=uet.project.arkanoid.objects.Brick.move(D)V @ 101 c2
Event: 18.631 Thread 0x00000224fa8fb160 DEOPT PACKING pc=0x00000224e3cbf1b4 sp=0x00000039ac1fe470
Event: 18.631 Thread 0x00000224fa8fb160 DEOPT UNPACKING pc=0x00000224e35f5ba3 sp=0x00000039ac1fe408 mode 2
Event: 18.647 Thread 0x00000224fa8fb160 DEOPT PACKING pc=0x00000224dc55ec60 sp=0x00000039ac1fe440
Event: 18.647 Thread 0x00000224fa8fb160 DEOPT UNPACKING pc=0x00000224e35f66e3 sp=0x00000039ac1fd920 mode 0

Classes unloaded (0 events):
No events

Classes redefined (0 events):
No events

Internal exceptions (20 events):
Event: 3.378 Thread 0x00000224f92c14f0 Exception <a 'java/lang/NullPointerException'{0x0000000754b6efa0}> (0x0000000754b6efa0) 
thrown [s\open\src\hotspot\share\interpreter\linkResolver.cpp, line 1433]
Event: 3.380 Thread 0x00000224f92c14f0 Exception <a 'java/lang/NullPointerException'{0x0000000754b750c8}> (0x0000000754b750c8) 
thrown [s\open\src\hotspot\share\interpreter\linkResolver.cpp, line 1433]
Event: 3.383 Thread 0x00000224f92c14f0 Exception <a 'java/lang/NullPointerException'{0x0000000754b7b1d8}> (0x0000000754b7b1d8) 
thrown [s\open\src\hotspot\share\interpreter\linkResolver.cpp, line 1433]
Event: 3.384 Thread 0x00000224f92c14f0 Exception <a 'java/lang/NullPointerException'{0x0000000754b81300}> (0x0000000754b81300) 
thrown [s\open\src\hotspot\share\interpreter\linkResolver.cpp, line 1433]
Event: 3.389 Thread 0x00000224f92c14f0 Exception <a 'java/lang/NullPointerException'{0x0000000754b87428}> (0x0000000754b87428) 
thrown [s\open\src\hotspot\share\interpreter\linkResolver.cpp, line 1433]
Event: 3.390 Thread 0x00000224f92c14f0 Exception <a 'java/lang/NullPointerException'{0x0000000754b8d550}> (0x0000000754b8d550) 
thrown [s\open\src\hotspot\share\interpreter\linkResolver.cpp, line 1433]
Event: 3.392 Thread 0x00000224f92c14f0 Exception <a 'java/lang/NullPointerException'{0x0000000754b93678}> (0x0000000754b93678) 
thrown [s\open\src\hotspot\share\interpreter\linkResolver.cpp, line 1433]
Event: 3.393 Thread 0x00000224f92c14f0 Exception <a 'java/lang/NullPointerException'{0x0000000754b997a0}> (0x0000000754b997a0) 
thrown [s\open\src\hotspot\share\interpreter\linkResolver.cpp, line 1433]
Event: 3.395 Thread 0x00000224f92c14f0 Exception <a 'java/lang/NullPointerException'{0x0000000754b9f8c8}> (0x0000000754b9f8c8) 
thrown [s\open\src\hotspot\share\interpreter\linkResolver.cpp, line 1433]
Event: 4.712 Thread 0x00000224fa8fb160 Exception <a 'java/lang/NoSuchMethodError'{0x0000000754940138}: 'java.lang.Object java.lang.invoke.DirectMethodHandle$Holder.invokeSpecial(java.lang.Object, java.lang.Object, double, double)'> (0x0000000754940138) 
thrown [s\open\src\hotspot\share\interpreter\linkResolver.cpp, line 759]
Event: 5.167 Thread 0x00000224fa8fb160 Exception <a 'sun/nio/fs/WindowsException'{0x00000007549981d8}> (0x00000007549981d8) 
thrown [s\open\src\hotspot\share\prims\jni.cpp, line 516]
Event: 6.070 Thread 0x00000224fa8fb160 Exception <a 'java/lang/NoSuchMethodError'{0x000000075949f0c8}: 'int java.lang.invoke.DirectMethodHandle$Holder.invokeVirtual(java.lang.Object, java.lang.Object)'> (0x000000075949f0c8) 
thrown [s\open\src\hotspot\share\interpreter\linkResolver.cpp, line 759]
Event: 6.089 Thread 0x00000224fa8fb160 Exception <a 'java/io/FileNotFoundException'{0x0000000759518b50}> (0x0000000759518b50) 
thrown [s\open\src\hotspot\share\prims\jni.cpp, line 516]
Event: 17.268 Thread 0x00000224fa8fb160 Exception <a 'java/lang/UnsatisfiedLinkError'{0x000000075843f210}: 'boolean com.sun.media.jfxmediaimpl.NativeAudioClip.nacInit()'> (0x000000075843f210) 
thrown [s\open\src\hotspot\share\prims\nativeLookup.cpp, line 543]
Event: 17.270 Thread 0x00000224fa8fb160 Exception <a 'java/lang/UnsatisfiedLinkError'{0x0000000758443fb0}: 'void com.sun.media.jfxmedia.logging.Logger.nativeSetNativeLevel(int)'> (0x0000000758443fb0) 
thrown [s\open\src\hotspot\share\prims\nativeLookup.cpp, line 543]
Event: 17.344 Thread 0x00000224fa8fb160 Implicit null exception at 0x00000224e3b728d5 to 0x00000224e3b72ef8
Event: 17.344 Thread 0x00000224fa8fb160 Implicit null exception at 0x00000224e3b8ec52 to 0x00000224e3b8f278
Event: 17.424 Thread 0x00000224fa48ac50 Exception <a 'sun/nio/fs/WindowsException'{0x0000000758356ec8}> (0x0000000758356ec8) 
thrown [s\open\src\hotspot\share\prims\jni.cpp, line 516]
Event: 17.426 Thread 0x00000224fa48ac50 Exception <a 'sun/nio/fs/WindowsException'{0x00000007583584a0}> (0x00000007583584a0) 
thrown [s\open\src\hotspot\share\prims\jni.cpp, line 516]
Event: 17.427 Thread 0x00000224fa48ac50 Exception <a 'sun/nio/fs/WindowsException'{0x0000000758359a70}> (0x0000000758359a70) 
thrown [s\open\src\hotspot\share\prims\jni.cpp, line 516]

VM Operations (20 events):
Event: 9.220 Executing VM operation: Cleanup
Event: 9.220 Executing VM operation: Cleanup done
Event: 11.220 Executing VM operation: Cleanup
Event: 11.220 Executing VM operation: Cleanup done
Event: 13.220 Executing VM operation: Cleanup
Event: 13.221 Executing VM operation: Cleanup done
Event: 14.221 Executing VM operation: Cleanup
Event: 14.221 Executing VM operation: Cleanup done
Event: 16.222 Executing VM operation: Cleanup
Event: 16.222 Executing VM operation: Cleanup done
Event: 17.223 Executing VM operation: Cleanup
Event: 17.223 Executing VM operation: Cleanup done
Event: 17.382 Executing VM operation: HandshakeAllThreads
Event: 17.382 Executing VM operation: HandshakeAllThreads done
Event: 17.483 Executing VM operation: HandshakeAllThreads
Event: 17.483 Executing VM operation: HandshakeAllThreads done
Event: 17.492 Executing VM operation: G1CollectForAllocation
Event: 17.498 Executing VM operation: G1CollectForAllocation done
Event: 18.498 Executing VM operation: Cleanup
Event: 18.498 Executing VM operation: Cleanup done

Events (20 events):
Event: 17.488 Thread 0x00000224fa8c53c0 Thread added: 0x00000224fa8c53c0
Event: 17.488 Thread 0x00000224fa8c53c0 Thread exited: 0x00000224fa8c53c0
Event: 17.488 Thread 0x00000224fa8c49a0 Thread added: 0x00000224fa8c49a0
Event: 17.488 Thread 0x00000224fa8c49a0 Thread exited: 0x00000224fa8c49a0
Event: 17.488 Thread 0x00000224fa8c49a0 Thread added: 0x00000224fa8c49a0
Event: 17.488 Thread 0x00000224fa8c49a0 Thread exited: 0x00000224fa8c49a0
Event: 17.488 Thread 0x00000224fa8c49a0 Thread added: 0x00000224fa8c49a0
Event: 17.488 Thread 0x00000224fa8c49a0 Thread exited: 0x00000224fa8c49a0
Event: 17.488 Thread 0x00000224fa8c1c10 Thread added: 0x00000224fa8c1c10
Event: 17.488 Thread 0x00000224fa8c1c10 Thread exited: 0x00000224fa8c1c10
Event: 17.488 Thread 0x00000224fa8c2630 Thread added: 0x00000224fa8c2630
Event: 17.488 Thread 0x00000224fa8c2630 Thread exited: 0x00000224fa8c2630
Event: 17.491 Thread 0x00000224fa8c49a0 Thread added: 0x00000224fa8c49a0
Event: 17.491 Thread 0x00000224fa8c49a0 Thread exited: 0x00000224fa8c49a0
Event: 17.492 Thread 0x00000224fa8c49a0 Thread added: 0x00000224fa8c49a0
Event: 17.499 Thread 0x00000224fa8c49a0 Thread exited: 0x00000224fa8c49a0
Event: 17.499 Thread 0x00000224fa8c3a70 Thread added: 0x00000224fa8c3a70
Event: 17.499 Thread 0x00000224fa8c3a70 Thread exited: 0x00000224fa8c3a70
Event: 17.546 Thread 0x00000224fa8c3f80 Thread added: 0x00000224fa8c3f80
Event: 17.627 Thread 0x00000224f98c00f0 Thread exited: 0x00000224f98c00f0


Dynamic libraries:
0x00007ff69a8f0000 - 0x00007ff69a900000 	C:\Program Files\Java\jdk-17\bin\java.exe
0x00007ff88bcc0000 - 0x00007ff88bf28000 	C:\WINDOWS\SYSTEM32\ntdll.dll
0x00007ff88ac00000 - 0x00007ff88acc9000 	C:\WINDOWS\System32\KERNEL32.DLL
0x00007ff889450000 - 0x00007ff889848000 	C:\WINDOWS\System32\KERNELBASE.dll
0x00007ff889910000 - 0x00007ff889a5b000 	C:\WINDOWS\System32\ucrtbase.dll
0x00007ff881190000 - 0x00007ff8811ab000 	C:\Program Files\Java\jdk-17\bin\VCRUNTIME140.dll
0x00007ff881170000 - 0x00007ff881189000 	C:\Program Files\Java\jdk-17\bin\jli.dll
0x00007ff88bbc0000 - 0x00007ff88bc74000 	C:\WINDOWS\System32\ADVAPI32.dll
0x00007ff889e70000 - 0x00007ff889f19000 	C:\WINDOWS\System32\msvcrt.dll
0x00007ff88a7a0000 - 0x00007ff88a846000 	C:\WINDOWS\System32\sechost.dll
0x00007ff889f20000 - 0x00007ff88a038000 	C:\WINDOWS\System32\RPCRT4.dll
0x00007ff889c50000 - 0x00007ff889e17000 	C:\WINDOWS\System32\USER32.dll
0x00007ff889170000 - 0x00007ff889197000 	C:\WINDOWS\System32\win32u.dll
0x00007ff88b4c0000 - 0x00007ff88b4eb000 	C:\WINDOWS\System32\GDI32.dll
0x00007ff889320000 - 0x00007ff88944c000 	C:\WINDOWS\System32\gdi32full.dll
0x00007ff888ec0000 - 0x00007ff888f63000 	C:\WINDOWS\System32\msvcp_win.dll
0x00007ff871ea0000 - 0x00007ff872134000 	C:\WINDOWS\WinSxS\amd64_microsoft.windows.common-controls_6595b64144ccf1df_6.0.26100.7019_none_3e06ffa0e335b8a8\COMCTL32.dll
0x00007ff87f0c0000 - 0x00007ff87f0cb000 	C:\WINDOWS\SYSTEM32\VERSION.dll
0x00007ff88b580000 - 0x00007ff88b5b1000 	C:\WINDOWS\System32\IMM32.DLL
0x00007ff881160000 - 0x00007ff88116c000 	C:\Program Files\Java\jdk-17\bin\vcruntime140_1.dll
0x00007ff87ece0000 - 0x00007ff87ed6e000 	C:\Program Files\Java\jdk-17\bin\msvcp140.dll
0x00007ff8297c0000 - 0x00007ff82a3a0000 	C:\Program Files\Java\jdk-17\bin\server\jvm.dll
0x00007ff88a9e0000 - 0x00007ff88a9e8000 	C:\WINDOWS\System32\PSAPI.DLL
0x00007ff86e200000 - 0x00007ff86e20a000 	C:\WINDOWS\SYSTEM32\WSOCK32.dll
0x00007ff88b500000 - 0x00007ff88b574000 	C:\WINDOWS\System32\WS2_32.dll
0x00007ff86e2c0000 - 0x00007ff86e2f5000 	C:\WINDOWS\SYSTEM32\WINMM.dll
0x00007ff887bd0000 - 0x00007ff887beb000 	C:\WINDOWS\SYSTEM32\kernel.appcore.dll
0x00007ff881150000 - 0x00007ff88115a000 	C:\Program Files\Java\jdk-17\bin\jimage.dll
0x00007ff886700000 - 0x00007ff886942000 	C:\WINDOWS\SYSTEM32\DBGHELP.DLL
0x00007ff88af10000 - 0x00007ff88b29b000 	C:\WINDOWS\System32\combase.dll
0x00007ff88ad60000 - 0x00007ff88ae37000 	C:\WINDOWS\System32\OLEAUT32.dll
0x00007ff8610c0000 - 0x00007ff8610fc000 	C:\WINDOWS\SYSTEM32\dbgcore.DLL
0x00007ff888e10000 - 0x00007ff888eb5000 	C:\WINDOWS\System32\bcryptPrimitives.dll
0x00007ff881130000 - 0x00007ff88113e000 	C:\Program Files\Java\jdk-17\bin\instrument.dll
0x00007ff87ecb0000 - 0x00007ff87ecd5000 	C:\Program Files\Java\jdk-17\bin\java.dll
0x00007ff87ebd0000 - 0x00007ff87eca7000 	C:\Program Files\Java\jdk-17\bin\jsvml.dll
0x00007ff88a040000 - 0x00007ff88a791000 	C:\WINDOWS\System32\SHELL32.dll
0x00007ff889000000 - 0x00007ff88916b000 	C:\WINDOWS\System32\wintypes.dll
0x00007ff886a50000 - 0x00007ff8872ad000 	C:\WINDOWS\SYSTEM32\windows.storage.dll
0x00007ff88a8e0000 - 0x00007ff88a9d2000 	C:\WINDOWS\System32\SHCORE.dll
0x00007ff88a870000 - 0x00007ff88a8d7000 	C:\WINDOWS\System32\shlwapi.dll
0x00007ff888d30000 - 0x00007ff888d59000 	C:\WINDOWS\SYSTEM32\profapi.dll
0x00007ff87ebb0000 - 0x00007ff87ebc9000 	C:\Program Files\Java\jdk-17\bin\net.dll
0x00007ff87fc30000 - 0x00007ff87fd58000 	C:\WINDOWS\SYSTEM32\WINHTTP.dll
0x00007ff888140000 - 0x00007ff8881ab000 	C:\WINDOWS\system32\mswsock.dll
0x00007ff87eb10000 - 0x00007ff87eb26000 	C:\Program Files\Java\jdk-17\bin\nio.dll
0x00007ff87eaa0000 - 0x00007ff87eab8000 	C:\Program Files\Java\jdk-17\bin\zip.dll
0x00000224d2710000 - 0x00000224d2713000 	C:\Users\Personal\.openjfx\cache\17.0.14\api-ms-win-core-console-l1-1-0.dll
0x00000224d2720000 - 0x00000224d2723000 	C:\Users\Personal\.openjfx\cache\17.0.14\api-ms-win-core-console-l1-2-0.dll
0x00000224d2730000 - 0x00000224d2733000 	C:\Users\Personal\.openjfx\cache\17.0.14\api-ms-win-core-datetime-l1-1-0.dll
0x00000224d2740000 - 0x00000224d2743000 	C:\Users\Personal\.openjfx\cache\17.0.14\api-ms-win-core-debug-l1-1-0.dll
0x00000224d2750000 - 0x00000224d2753000 	C:\Users\Personal\.openjfx\cache\17.0.14\api-ms-win-core-errorhandling-l1-1-0.dll
0x00000224d2b00000 - 0x00000224d2b04000 	C:\Users\Personal\.openjfx\cache\17.0.14\api-ms-win-core-file-l1-1-0.dll
0x00000224d2b10000 - 0x00000224d2b13000 	C:\Users\Personal\.openjfx\cache\17.0.14\api-ms-win-core-file-l1-2-0.dll
0x00000224d2b20000 - 0x00000224d2b23000 	C:\Users\Personal\.openjfx\cache\17.0.14\api-ms-win-core-file-l2-1-0.dll
0x00000224d2b30000 - 0x00000224d2b33000 	C:\Users\Personal\.openjfx\cache\17.0.14\api-ms-win-core-handle-l1-1-0.dll
0x00000224d2b40000 - 0x00000224d2b43000 	C:\Users\Personal\.openjfx\cache\17.0.14\api-ms-win-core-heap-l1-1-0.dll
0x00000224d2b50000 - 0x00000224d2b53000 	C:\Users\Personal\.openjfx\cache\17.0.14\api-ms-win-core-interlocked-l1-1-0.dll
0x00000224d46b0000 - 0x00000224d46b3000 	C:\Users\Personal\.openjfx\cache\17.0.14\api-ms-win-core-libraryloader-l1-1-0.dll
0x00000224d46c0000 - 0x00000224d46c3000 	C:\Users\Personal\.openjfx\cache\17.0.14\api-ms-win-core-localization-l1-2-0.dll
0x00000224d46d0000 - 0x00000224d46d3000 	C:\Users\Personal\.openjfx\cache\17.0.14\api-ms-win-core-memory-l1-1-0.dll
0x00000224d46e0000 - 0x00000224d46e3000 	C:\Users\Personal\.openjfx\cache\17.0.14\api-ms-win-core-namedpipe-l1-1-0.dll
0x00000224d46f0000 - 0x00000224d46f3000 	C:\Users\Personal\.openjfx\cache\17.0.14\api-ms-win-core-processenvironment-l1-1-0.dll
0x00000224d4700000 - 0x00000224d4703000 	C:\Users\Personal\.openjfx\cache\17.0.14\api-ms-win-core-processthreads-l1-1-0.dll
0x00000224d4710000 - 0x00000224d4713000 	C:\Users\Personal\.openjfx\cache\17.0.14\api-ms-win-core-processthreads-l1-1-1.dll
0x00000224d4720000 - 0x00000224d4723000 	C:\Users\Personal\.openjfx\cache\17.0.14\api-ms-win-core-profile-l1-1-0.dll
0x00000224d4730000 - 0x00000224d4733000 	C:\Users\Personal\.openjfx\cache\17.0.14\api-ms-win-core-rtlsupport-l1-1-0.dll
0x00000224d4740000 - 0x00000224d4743000 	C:\Users\Personal\.openjfx\cache\17.0.14\api-ms-win-core-string-l1-1-0.dll
0x00000224d4750000 - 0x00000224d4753000 	C:\Users\Personal\.openjfx\cache\17.0.14\api-ms-win-core-synch-l1-1-0.dll
0x00000224d4760000 - 0x00000224d4763000 	C:\Users\Personal\.openjfx\cache\17.0.14\api-ms-win-core-synch-l1-2-0.dll
0x00000224d4770000 - 0x00000224d4773000 	C:\Users\Personal\.openjfx\cache\17.0.14\api-ms-win-core-sysinfo-l1-1-0.dll
0x00000224f49f0000 - 0x00000224f49f3000 	C:\Users\Personal\.openjfx\cache\17.0.14\api-ms-win-core-timezone-l1-1-0.dll
0x00000224f4a00000 - 0x00000224f4a03000 	C:\Users\Personal\.openjfx\cache\17.0.14\api-ms-win-core-util-l1-1-0.dll
0x00000224f4a10000 - 0x00000224f4a13000 	C:\Users\Personal\.openjfx\cache\17.0.14\api-ms-win-crt-conio-l1-1-0.dll
0x00000224f4a20000 - 0x00000224f4a24000 	C:\Users\Personal\.openjfx\cache\17.0.14\api-ms-win-crt-convert-l1-1-0.dll
0x00000224f4a30000 - 0x00000224f4a33000 	C:\Users\Personal\.openjfx\cache\17.0.14\api-ms-win-crt-environment-l1-1-0.dll
0x00000224f4a40000 - 0x00000224f4a43000 	C:\Users\Personal\.openjfx\cache\17.0.14\api-ms-win-crt-filesystem-l1-1-0.dll
0x00000224f4a50000 - 0x00000224f4a53000 	C:\Users\Personal\.openjfx\cache\17.0.14\api-ms-win-crt-heap-l1-1-0.dll
0x00000224f4a60000 - 0x00000224f4a63000 	C:\Users\Personal\.openjfx\cache\17.0.14\api-ms-win-crt-locale-l1-1-0.dll
0x00000224f4a70000 - 0x00000224f4a75000 	C:\Users\Personal\.openjfx\cache\17.0.14\api-ms-win-crt-math-l1-1-0.dll
0x00000224f4a80000 - 0x00000224f4a85000 	C:\Users\Personal\.openjfx\cache\17.0.14\api-ms-win-crt-multibyte-l1-1-0.dll
0x00000224f4a90000 - 0x00000224f4aa0000 	C:\Users\Personal\.openjfx\cache\17.0.14\api-ms-win-crt-private-l1-1-0.dll
0x00000224f4aa0000 - 0x00000224f4aa3000 	C:\Users\Personal\.openjfx\cache\17.0.14\api-ms-win-crt-process-l1-1-0.dll
0x00000224f4ab0000 - 0x00000224f4ab4000 	C:\Users\Personal\.openjfx\cache\17.0.14\api-ms-win-crt-runtime-l1-1-0.dll
0x00000224f4ac0000 - 0x00000224f4ac4000 	C:\Users\Personal\.openjfx\cache\17.0.14\api-ms-win-crt-stdio-l1-1-0.dll
0x00000224f4ad0000 - 0x00000224f4ad4000 	C:\Users\Personal\.openjfx\cache\17.0.14\api-ms-win-crt-string-l1-1-0.dll
0x00000224f4ae0000 - 0x00000224f4ae3000 	C:\Users\Personal\.openjfx\cache\17.0.14\api-ms-win-crt-time-l1-1-0.dll
0x00000224f4af0000 - 0x00000224f4af3000 	C:\Users\Personal\.openjfx\cache\17.0.14\api-ms-win-crt-utility-l1-1-0.dll
0x00007ff858c70000 - 0x00007ff858d6c000 	C:\Users\Personal\.openjfx\cache\17.0.14\ucrtbase.dll
0x00007ff87e950000 - 0x00007ff87e96b000 	C:\Users\Personal\.openjfx\cache\17.0.14\vcruntime140.dll
0x00007ff880710000 - 0x00007ff88071c000 	C:\Users\Personal\.openjfx\cache\17.0.14\vcruntime140_1.dll
0x00007ff8791d0000 - 0x00007ff87925e000 	C:\Users\Personal\.openjfx\cache\17.0.14\msvcp140.dll
0x00007ff87eba0000 - 0x00007ff87eba9000 	C:\Users\Personal\.openjfx\cache\17.0.14\msvcp140_1.dll
0x00007ff8792f0000 - 0x00007ff879331000 	C:\Users\Personal\.openjfx\cache\17.0.14\msvcp140_2.dll
0x00007ff878e00000 - 0x00007ff878e2a000 	C:\Users\Personal\.openjfx\cache\17.0.14\prism_d3d.dll
0x00007ff871700000 - 0x00007ff8718b0000 	C:\WINDOWS\system32\d3d9.dll
0x00007ff885d70000 - 0x00007ff885da0000 	C:\WINDOWS\SYSTEM32\dwmapi.dll
0x00007ff885bc0000 - 0x00007ff885c03000 	C:\WINDOWS\SYSTEM32\dxcore.dll
0x00007ff883500000 - 0x00007ff8835aa000 	C:\WINDOWS\system32\uxtheme.dll
0x00007ff827190000 - 0x00007ff82733f000 	C:\Windows\System32\DriverStore\FileRepository\iigd_dch.inf_amd64_e32ced29f236e322\igdumdim64.dll
0x00007ff88b320000 - 0x00007ff88b4b7000 	C:\WINDOWS\System32\ole32.dll
0x00007fffdde90000 - 0x00007fffe2733000 	C:\Windows\System32\DriverStore\FileRepository\iigd_dch.inf_amd64_e32ced29f236e322\igd9dxva64.dll
0x00007ff88b5c0000 - 0x00007ff88ba4a000 	C:\WINDOWS\System32\SETUPAPI.dll
0x00007ff888990000 - 0x00007ff8889e7000 	C:\WINDOWS\SYSTEM32\cfgmgr32.dll
0x00007ff87cdf0000 - 0x00007ff87d1f9000 	C:\Windows\System32\DriverStore\FileRepository\iigd_dch.inf_amd64_e32ced29f236e322\igdgmm64.dll
0x00007ff87f9b0000 - 0x00007ff87fa13000 	C:\WINDOWS\SYSTEM32\directxdatabasehelper.dll
0x00007ff865500000 - 0x00007ff865542000 	C:\Users\Personal\.openjfx\cache\17.0.14\glass.dll
0x00007ff88aa50000 - 0x00007ff88ab41000 	C:\WINDOWS\System32\COMDLG32.dll
0x00007ff88ba50000 - 0x00007ff88bbae000 	C:\WINDOWS\System32\MSCTF.dll
0x00007ff881220000 - 0x00007ff881247000 	C:\Windows\System32\DriverStore\FileRepository\iigd_dch.inf_amd64_e32ced29f236e322\igdinfo64.dll
0x00007ff8794e0000 - 0x00007ff87cc74000 	C:\Windows\System32\DriverStore\FileRepository\iigd_dch.inf_amd64_e32ced29f236e322\igc64.dll
0x00007ff879290000 - 0x00007ff8792a5000 	C:\Users\Personal\.openjfx\cache\17.0.14\javafx_font.dll
0x00007ff881ab0000 - 0x00007ff881d17000 	C:\WINDOWS\SYSTEM32\dwrite.dll
0x00007ff878820000 - 0x00007ff87884d000 	C:\Users\Personal\.openjfx\cache\17.0.14\javafx_iio.dll
0x00007ff88ae50000 - 0x00007ff88af00000 	C:\WINDOWS\System32\clbcatq.dll
0x00007ff881250000 - 0x00007ff881480000 	C:\WINDOWS\SYSTEM32\WindowsCodecs.dll
0x00007ff857c50000 - 0x00007ff857caa000 	C:\WINDOWS\system32\dataexchange.dll
0x00007ff877c40000 - 0x00007ff877e84000 	C:\WINDOWS\system32\twinapi.appcore.dll
0x00007ff8785f0000 - 0x00007ff87861c000 	C:\Program Files\Common Files\Microsoft Shared\Ink\rtscom.dll
0x00007ff872ca0000 - 0x00007ff872de7000 	C:\WINDOWS\SYSTEM32\textinputframework.dll
0x00007ff882d20000 - 0x00007ff882e47000 	C:\WINDOWS\SYSTEM32\CoreMessaging.dll
0x00007ff87f110000 - 0x00007ff87f3f2000 	C:\WINDOWS\SYSTEM32\CoreUIComponents.dll
0x00007ff888420000 - 0x00007ff88842c000 	C:\WINDOWS\SYSTEM32\CRYPTBASE.DLL
0x00007ff881d20000 - 0x00007ff88235c000 	C:\WINDOWS\SYSTEM32\d2d1.dll
0x00007ff882360000 - 0x00007ff8825c2000 	C:\WINDOWS\SYSTEM32\d3d11.dll
0x00007ff885c10000 - 0x00007ff885d49000 	C:\WINDOWS\SYSTEM32\dxgi.dll
0x00007ff888c70000 - 0x00007ff888cce000 	C:\WINDOWS\SYSTEM32\powrprof.dll
0x00007ff888c50000 - 0x00007ff888c64000 	C:\WINDOWS\SYSTEM32\UMPDC.dll

dbghelp: loaded successfully - version: 4.0.5 - missing functions: none
symbol engine: initialized successfully - sym options: 0x614 - pdb path: .;C:\Program Files\Java\jdk-17\bin;C:\WINDOWS\SYSTEM32;C:\WINDOWS\WinSxS\amd64_microsoft.windows.common-controls_6595b64144ccf1df_6.0.26100.7019_none_3e06ffa0e335b8a8;C:\Program Files\Java\jdk-17\bin\server;C:\Users\Personal\.openjfx\cache\17.0.14;C:\Windows\System32\DriverStore\FileRepository\iigd_dch.inf_amd64_e32ced29f236e322;C:\Program Files\Common Files\Microsoft Shared\Ink

VM Arguments:
jvm_args: -javaagent:C:\Program Files\JetBrains\IntelliJ IDEA 2025.2.3\lib\idea_rt.jar=62755 -Dfile.encoding=UTF-8 --module-path=C:\Users\Personal\.m2\repository\org\openjfx\javafx-fxml\17.0.14\javafx-fxml-17.0.14-win.jar;C:\Users\Personal\.m2\repository\com\github\almasb\fxgl-gameplay\17.3\fxgl-gameplay-17.3.jar;C:\Users\Personal\.m2\repository\org\openjfx\javafx-base\17.0.14\javafx-base-17.0.14-win.jar;C:\Users\Personal\.m2\repository\com\github\almasb\fxgl-entity\17.3\fxgl-entity-17.3.jar;C:\Users\Personal\.m2\repository\org\openjfx\javafx-controls\17.0.14\javafx-controls-17.0.14-win.jar;C:\Users\Personal\.m2\repository\org\openjfx\javafx-graphics\17.0.14\javafx-graphics-17.0.14-win.jar;C:\Users\Personal\.m2\repository\org\kordamp\bootstrapfx\bootstrapfx-core\0.4.0\bootstrapfx-core-0.4.0.jar;C:\Users\Personal\.m2\repository\org\kordamp\ikonli\ikonli-core\12.3.1\ikonli-core-12.3.1.jar;C:\Users\Personal\.m2\repository\net\synedra\validatorfx\0.6.1\validatorfx-0.6.1.jar;C:\Users\Personal\.m2\repository\com\github\almasb\fxgl-core\17.3\fxgl-core-17.3.jar;C:\Users\Personal\.m2\repository\com\fasterxml\jackson\core\jackson-databind\2.14.2\jackson-databind-2.14.2.jar;C:\Users\Personal\.m2\repository\com\fasterxml\jackson\core\jackson-annotations\2.14.2\jackson-annotations-2.14.2.jar;C:\Users\Personal\.m2\repository\com\gluonhq\attach\util\4.0.17\util-4.0.17.jar;C:\Users\Personal\.m2\repository\org\openjfx\javafx-media\17.0.14\javafx-media-17.0.14-win.jar;C:\Users\Personal\.m2\repository\org\jetbrains\kotlin\kotlin-stdlib\1.8.10\kotlin-stdlib-1.8.10.jar;C:\Users\Personal\.m2\repository\org\controlsfx\controlsfx\11.2.1\controlsfx-11.2.1.jar;C:\Users\Personal\.m2\repository\com\gluonhq\attach\lifecycle\4.0.17\lifecycle-4.0.17.jar;C:\Users\Personal\.m2\repository\com\dlsc\formsfx\formsfx-core\11.6.0\formsfx-core-11.6.0.jar;C:\Users\Personal\.m2\repository\com\github\almasb\fxgl-io\17.3\fxgl-io-17.3.jar;C:\Users\Personal\.m2\repository\com\github\almasb\fxgl-scene\17.3\fxgl-scene-17.3.jar;C:\Users\Personal\IdeaProjects\Arkanoid2\target\classes;C:\Users\Personal\.m2\repository\com\faster-Djdk.module.main=uet.project.arkanoid 
java_command: uet.project.arkanoid/uet.project.arkanoid.GameManager
java_class_path (initial): C:\Users\Personal\.m2\repository\org\openjfx\javafx-controls\17.0.14\javafx-controls-17.0.14.jar;C:\Users\Personal\.m2\repository\org\openjfx\javafx-graphics\17.0.14\javafx-graphics-17.0.14.jar;C:\Users\Personal\.m2\repository\org\openjfx\javafx-base\17.0.14\javafx-base-17.0.14.jar;C:\Users\Personal\.m2\repository\org\openjfx\javafx-fxml\17.0.14\javafx-fxml-17.0.14.jar;C:\Users\Personal\.m2\repository\org\openjfx\javafx-media\17.0.14\javafx-media-17.0.14.jar;C:\Users\Personal\.m2\repository\org\jetbrains\kotlin\kotlin-stdlib-common\1.8.10\kotlin-stdlib-common-1.8.10.jar;C:\Users\Personal\.m2\repository\org\jetbrains\annotations\13.0\annotations-13.0.jar
Launcher Type: SUN_STANDARD

[Global flags]
     intx CICompilerCount                          = 3                                         {product} {ergonomic}
     uint ConcGCThreads                            = 1                                         {product} {ergonomic}
     uint G1ConcRefinementThreads                  = 4                                         {product} {ergonomic}
   size_t G1HeapRegionSize                         = 2097152                                   {product} {ergonomic}
    uintx GCDrainStackTargetSize                   = 64                                        {product} {ergonomic}
   size_t InitialHeapSize                          = 197132288                                 {product} {ergonomic}
   size_t MarkStackSize                            = 4194304                                   {product} {ergonomic}
   size_t MaxHeapSize                              = 3141533696                                {product} {ergonomic}
   size_t MaxNewSize                               = 1883242496                                {product} {ergonomic}
   size_t MinHeapDeltaBytes                        = 2097152                                   {product} {ergonomic}
   size_t MinHeapSize                              = 8388608                                   {product} {ergonomic}
    uintx NonNMethodCodeHeapSize                   = 5832780                                {pd product} {ergonomic}
    uintx NonProfiledCodeHeapSize                  = 122912730                              {pd product} {ergonomic}
    uintx ProfiledCodeHeapSize                     = 122912730                              {pd product} {ergonomic}
    uintx ReservedCodeCacheSize                    = 251658240                              {pd product} {ergonomic}
     bool SegmentedCodeCache                       = true                                      {product} {ergonomic}
   size_t SoftMaxHeapSize                          = 3141533696                             {manageable} {ergonomic}
     bool UseCompressedClassPointers               = true                           {product lp64_product} {ergonomic}
     bool UseCompressedOops                        = true                           {product lp64_product} {ergonomic}
     bool UseG1GC                                  = true                                      {product} {ergonomic}
     bool UseLargePagesIndividualAllocation        = false                                  {pd product} {ergonomic}

Logging:
Log output configuration:
 #0: stdout all=warning uptime,level,tags
 #1: stderr all=off uptime,level,tags

Environment Variables:
JAVA_HOME=C:\Program Files\Java\jdk-17.0.12
PATH=C:\Program Files\Common Files\Oracle\Java\javapath;C:\Program Files\Git\usr\local\bin;C:\Program Files\Git\bin;C:\Program Files (x86)\Common Files\Oracle\Java\java8path;C:\Program Files (x86)\Common Files\Oracle\Java\javapath;C:\Program Files\Eclipse Adoptium\jdk-11.0.28.6-hotspot\bin;C:\WINDOWS\system32;C:\WINDOWS;C:\WINDOWS\System32\Wbem;C:\WINDOWS\System32\WindowsPowerShell\v1.0\;C:\WINDOWS\System32\OpenSSH\;C:\Program Files\dotnet\;C:\Program Files\Java\jdk-17.0.12\bin;C:\Program Files\Git\cmd;C:\Users\Personal\AppData\Local\Microsoft\WindowsApps;C:\Users\Personal\AppData\Local\GitHubDesktop\bin;C:\Users\Personal\AppData\Local\Programs\cursor\resources\app\bin;C:\Program Files\Java\jdk-17.0.12\bin;
USERNAME=Personal
OS=Windows_NT
PROCESSOR_IDENTIFIER=Intel64 Family 6 Model 140 Stepping 1, GenuineIntel



---------------  S Y S T E M  ---------------

OS:
 Windows 11 , 64 bit Build 26100 (10.0.26100.7019)
OS uptime: 0 days 3:59 hours

CPU: total 4 (initial active 4) (2 cores per cpu, 2 threads per core) family 6 model 140 stepping 1 microcode 0xa6, cx8, cmov, fxsr, ht, mmx, 3dnowpref, sse, sse2, sse3, ssse3, sse4.1, sse4.2, popcnt, lzcnt, tsc, tscinvbit, avx, avx2, aes, erms, clmul, bmi1, bmi2, adx, avx512f, avx512dq, avx512cd, avx512bw, avx512vl, sha, fma, vzeroupper, avx512_vpopcntdq, avx512_vpclmulqdq, avx512_vaes, avx512_vnni, clflush, clflushopt, clwb, avx512_vbmi2, avx512_vbmi

Memory: 4k page, system-wide physical 11982M (1173M free)
TotalPageFile size 15744M (AvailPageFile size 3M)
current process WorkingSet (physical memory assigned to process): 536M, peak: 539M
current process commit charge ("private bytes"): 679M, peak: 685M

vm_info: Java HotSpot(TM) 64-Bit Server VM (17.0.12+8-LTS-286) for windows-amd64 JRE (17.0.12+8-LTS-286), built on Jun  5 2024 06:46:59 by "mach5one" with MS VC++ 17.6 (VS2022)

END.
